0
1
2
3
4
5
6
7
8
9
-
,
;
:
!
?
.
'
's
(
)
[
]
{
}
@
*
/
\
\\
&
#
%
^
+
<
=
>
~
a
able
about
above
absence
across
active
ad
advantage
after
afterwards
again
against
aim
air
all
almost
alone
along
already
also
although
always
am
among
amongst
amoungst
amount
an
animals
and
another
any
anyhow
anyone
anything
anyway
anywhere
apple
apple peel
are
around
as
at
auto
b
back
bangs
bars
base
basis
be
bean
beards
became
because
become
becomes
becoming
been
before
beforehand
behind
being
below
bend
beside
besides
bests
between
beyond
bill
blade
blow
border
both
bottom
branch
broken heart
browns
buck
but
by
c
call
can
cannot
cant
cap
carpenters
catch
century
chandlers
children
chocolate
city
co
coat
coats
column
commit
composition
con
construction
could
couldnt
crack
crop
cry
cultures
cultures
cycle
d
date
de
deliver
describe
destruction
detail
digital
discipline
display
division
do
does
dog house
done
down
downs
dry
due
during
dyes
e
each
eagles
eg
egg
eight
either
eleven
else
elsewhere
empty
enough
etc
even
event
ever
every
everyone
everything
everywhere
except
exchange
expression
external
f
failure
fat
favor
feed
few
fiber
field
fifteen
fifty
fill
financial
find
finding
fire
first
first use
fish eye
fit
fits
five
floor
food
for
former
formerly
fortune
forty
found
founder
four
fowlers
from
front
full
further
g
gas bloat
gas bubble
general
get
give
go
goods
graves
group
gulf war
h
had
hang
hard water
has
hasnt
have
he
headline
health
hence
her
here
hereafter
hereby
herein
hereupon
hers
hers
herself
him
himself
his
how
however
humor
hundred
hunters
i
ie
if
impression
in
inc
indeed
inflation
inform
interest
interpretation
into
introduction
invasion
is
it
its
itself
j
jobs
k
keep
knights
l
land
lap
last
latter
latterly
layer
lead
leader
leading
least
legacy
legend
less
letter
level
link
littles
location
lock in
locked in
lower
ltd
m
made
management
many
match
may
me
meanwhile
media
meeting
might
military
mill
mine
monday morning
more
moreover
most
mostly
move
mr
mrs
ms
much
must
my
myself
n
name
namely
neither
never
nevertheless
new
new forest
next
nine
no
nobody
none
noone
nor
not
note
nothing
novel
now
nowhere
o
objective
of
off
often
oil
on
once
one
one-and-a-half
onion
only
onto
or
orange
other
others
otherwise
our
ours
ourselves
out
over
own
p
painful heel
part
passage
patient
payment
per
perform
perhaps
persian gulf
pile
pine
please
pm
pole
policemans
poll
pool
possess
post
potato
presence
primary
process
profile
program
prompt
put
q
r
rather
re
reduction
release
remind
report
reports
revolution
rice
rid
root
rural
s
said
same
say
scale
sea
secondary
see
seed
seem
seemed
seeming
seems
serious
several
sharps
shavers
she
shell
shelter
shopping
should
show
side
silence
since
sincere
site
six
sixty
so
some
somehow
someone
something
sometime
sometimes
somewhere
squeeze
stare
still
stills
storm
straight back
stress
stretch
strippers
such
summit
supreme
survive
sustain
sweep
swifts
swiss cheese
system
t
take
tap
tear
telephone
ten
tension
than
that
the
their
them
themselves
then
thence
there
thereafter
thereby
therefore
therein
thereupon
these
they
thickv
thin
third
this
thorns
those
though
three
through
throughout
thru
thus
to
together
tomato
tomorrow
too
top
toward
towards
transformation
transition
transportation
travel
tribe
truck
twelve
twenty
twin
two
u
un
unable
under
until
up
upon
urban
us
use
used by
use by
v
vagabonds
various
very
via
w
wart hog
was
wash
we
weavers
welfare
well
wells
were
wests
what
whatever
when
whence
whenever
where
whereafter
whereas
whereby
wherein
whereupon
wherever
whether
which
while
white coat
whither
who
whoever
whole
whom
whose
why
will
wind
wind
window
wing
with
within
without
women
would
x
y
yet
you
youngs
your
yours
yourself
yourselves
z

